// Jest Snapshot v1, https://goo.gl/fbAQLP

exports[`Title should match with snapshot 1`] = `
<div
  className="jsx-462691946"
>
  <nav
    className="jsx-462691946 menu"
  >
    <h1
      className="jsx-462691946 menu__h1"
    >
      Awale
    </h1>
    <ul
      className="jsx-462691946 menu__ul"
    >
      <li
        className="jsx-462691946 menu__li"
        onClick={[Function]}
      >
        <a
          className="jsx-462691946 menu__a"
          href="/game"
          id="newGame"
          onClick={[Function]}
        >
          Solo
        </a>
      </li>
      <li
        className="jsx-462691946 menu__li"
        onClick={[Function]}
      >
        <a
          className="jsx-462691946 menu__a"
          href="/game"
          onClick={[Function]}
        >
          With a friend
        </a>
      </li>
    </ul>
  </nav>
</div>
`;
